[acrotel/index.html]
[backblue.gif]
[fade.gif]
[index.html]
[acrotel/404error.html]
[acrotel/common/css/font.css]
[acrotel/common/css/basef085.css]
[acrotel/common/css/layoutf085.css]
[acrotel/common/css/contentf085.css]
[acrotel/common/css/boardf085.css]
[acrotel/common/js/script_top3860.js]
[acrotel/common/js/jquery-1.11.1.min.js]
[acrotel/common/js/commonf085.js]
[cdnjs.cloudflare.com/ajax/libs/animate.css/4.0.0/animate.min.css]
[acrotel/common/css/slick/slickf085.css]
[acrotel/common/js/circle-progress.min.js]
[acrotel/images/common/logo1.png]
[acrotel/common/js/slick/scripts1.js]
[acrotel/common/js/slick/slick.js]
[acrotel/wyndham/wyndham.html]
[acrotel/wyndham/brand.html]
[acrotel/info/overview.html]
[acrotel/direction/direction.html]
[acrotel/premium/premium.html]
[acrotel/location/location.html]
[acrotel/unit/plan.html]
[acrotel/unit/special.html]
[acrotel/unit/community.html]
[acrotel/unit/type.html]
[acrotel/register/client.html]
[acrotel/reserve/visit.html]
[acrotel/images/common/top_tel1.png]
[acrotel/register/media.html]
[acrotel/images/common/btn_client1.png]
[acrotel/register/news.html]
[acrotel/images/main/bnn_cf1.png]
[acrotel/images/main/slide_location1.jpg]
[acrotel/images/main/slide_location2.jpg]
[acrotel/images/main/slide_location3.jpg]
[acrotel/images/main/slide_location4.jpg]
[acrotel/images/main/slide_location5.jpg]
[acrotel/images/main/slide_location6.jpg]
[acrotel/images/main/slide_location7.jpg]
[acrotel/images/main/img1_1_211019.jpg]
[acrotel/images/main/img1_2.jpg]
[acrotel/images/main/img1_3.jpg]
[acrotel/images/main/slide_cont1.jpg]
[acrotel/images/main/slide_cont2.jpg]
[acrotel/upload_design/popup/1638781527_popup_image]
[acrotel/images/common/footer_logo13860.png]
[acrotel/upload_design/popup/1638407753_popup_image]
[acrotel/images/common/footer_partner1.png]
[acrotel/images/common/footer_tel1.png]
[acrotel/index.html]
[acrotel/404error.html]
[wcs.naver.net/wcslog.js]
[acrotel/common/font/NotoSansKR-Light.woff]
[acrotel/common/font/NotoSansKR-Light.otf]
[acrotel/common/css/font.css]
[acrotel/images/common/btn/btn_filebrowser.gif]
[acrotel/common/css/basef085.css]
[acrotel/common/css/layoutf085.css]
[acrotel/images/common/ico/ico_checkbox1.png]
[acrotel/images/common/btn/btn_play1.png]
[acrotel/reserve/images/btn_check.png]
[acrotel/reserve/images/btn_arr1.png]
[acrotel/common/css/contentf085.css]
[acrotel/images/common/ico/ico_sch1.png]
[acrotel/images/common/ico/ico_arr1.png]
[acrotel/images/common/btn/ico_onoff1.png]
[acrotel/images/common/ico/ico_q1.png]
[acrotel/images/common/ico/ico_a1.png]
[acrotel/images/common/ico/bul_arr01.gif]
[acrotel/common/css/boardf085.css]
[cdnjs.cloudflare.com/ajax/libs/animate.css/4.0.0/animate.min.css]
[acrotel/images/common/ico/ajax-loader.gif]
[acrotel/images/main/btn_arr1.png]
[acrotel/images/main/btn_arr2.png]
[acrotel/images/main/btn_roll1.png]
[acrotel/common/css/slick/slickf085.css]
[acrotel/common/css/baseccf2.css]
[acrotel/common/css/layoutccf2.css]
[acrotel/common/css/contentccf2.css]
[acrotel/common/css/boardccf2.css]
[acrotel/common/js/commonccf2.js]
[acrotel/images/sub/visual1_2110263860.jpg]
[acrotel/common/font/NotoSansKR-Light.woff2]
[acrotel/common/js/SplitText.js]
[acrotel/common/js/TweenMax.min.js]
[acrotel/common/css/jssor/jssor.css]
[acrotel/common/js/jssor/jssor.js]
[acrotel/common/js/jssor/scripts2.js]
[acrotel/images/wyndham/wyndham1_2111023860.jpg]
[acrotel/common/js/jssor/jssor.slider.js]
[acrotel/wyndham/wyndham.html]
[acrotel/images/wyndham/brand1_211125.jpg]
[acrotel/wyndham/brand.html]
[acrotel/images/info/overview1_211019.jpg]
[acrotel/info/overview.html]
[acrotel/common/css/base5f98.css]
[acrotel/common/css/layout5f98.css]
[acrotel/common/css/content5f98.css]
[acrotel/common/css/board5f98.css]
[acrotel/common/js/common5f98.js]
[acrotel/images/direction/direction1.jpg]
[acrotel/direction/direction.html]
[acrotel/images/premium/premium1.jpg]
[acrotel/premium/premium.html]
[player.vimeo.com/api/player.js]
[acrotel/images/location/location1_1_211102.jpg]
[acrotel/images/location/location1_2_211102.jpg]
[acrotel/location/location.html]
[acrotel/images/unit/plan1_211102.jpg]
[acrotel/unit/plan.html]
[acrotel/common/css/base56c5.css]
[acrotel/common/css/layout56c5.css]
[acrotel/common/css/content56c5.css]
[acrotel/common/css/board56c5.css]
[acrotel/images/unit/special1_211125.jpg]
[acrotel/unit/special.html]
[acrotel/common/js/common56c5.js]
[acrotel/images/unit/community1_211101.jpg]
[acrotel/unit/community.html]
[acrotel/index-2.html]
[acrotel/images/unit/a1.jpg]
[acrotel/images/unit/a23860.jpg]
[acrotel/images/unit/a33860.jpg]
[acrotel/images/unit/b13860.jpg]
[acrotel/images/unit/b23860.jpg]
[acrotel/images/unit/b33860.jpg]
[acrotel/images/unit/c3860.jpg]
[acrotel/images/unit/pent3860.jpg]
[acrotel/images/unit/txt_tp3860.jpg]
[acrotel/unit/type.html]
[acrotel/common/js/formutil.js]
[dmaps.daum.net/map_js_init/postcode.v2.js]
[acrotel/register/client.html]
[acrotel/common/css/basefed4.css]
[acrotel/common/css/layoutfed4.css]
[acrotel/common/css/contentfed4.css]
[acrotel/common/css/boardfed4.css]
[acrotel/reserve/proc/proced83.html]
[acrotel/common/js/commonfed4.js]
[acrotel/reserve/proc/proc.html]
[acrotel/reserve/images/img_visit1.jpg]
[acrotel/reserve/images/img_visit1_m.jpg]
[acrotel/reserve/visit.html]
[acrotel/register/media.html]
[acrotel/board/deletecd03.html]
[acrotel/board/board_move.html]
[acrotel/images/common/btn/btn_prev2.gif]
[acrotel/register/news5b2d.html]
[acrotel/images/common/btn/btn_prev1.gif]
[acrotel/register/newse194.html]
[acrotel/images/common/btn/btn_next1.gif]
[acrotel/register/newscd4c.html]
[acrotel/register/news.html]
[acrotel/images/common/btn/btn_next2.gif]
[acrotel/images/main/slide_location3.jpg]
[acrotel/images/main/img1_2.jpg]
[acrotel/images/main/slide_cont2.jpg]
[acrotel/common/font/NotoSansKR-Light.woff]
[acrotel/common/css/baseccf2.css]
[acrotel/common/css/layoutccf2.css]
[acrotel/common/css/contentccf2.css]
[acrotel/common/css/boardccf2.css]
[acrotel/images/sub/visual1_2110263860.jpg]
[acrotel/common/css/jssor/jssor.css]
[acrotel/common/css/base5f98.css]
[acrotel/common/css/layout5f98.css]
[acrotel/images/wyndham/brand1_211125.jpg]
[acrotel/common/css/content5f98.css]
[acrotel/common/css/board5f98.css]
[acrotel/common/css/base56c5.css]
[acrotel/common/css/layout56c5.css]
[acrotel/images/location/location1_1_211102.jpg]
[acrotel/common/css/content56c5.css]
[acrotel/common/css/board56c5.css]
[acrotel/images/unit/special1_211125.jpg]
[acrotel/common/css/basef9c9.css]
[acrotel/common/css/layoutf9c9.css]
[acrotel/common/css/contentf9c9.css]
[acrotel/common/css/boardf9c9.css]
[acrotel/common/css/slick/slickf9c9.css]
[acrotel/index-2.html]
[acrotel/common/js/commonf9c9.js]
[acrotel/images/unit/pent3860.jpg]
[acrotel/common/css/basefed4.css]
[acrotel/common/css/layoutfed4.css]
[acrotel/common/css/contentfed4.css]
[acrotel/common/css/boardfed4.css]
[acrotel/reserve/proc/proced83.html]
[acrotel/reserve/proc/proc.html]
[acrotel/common/css/basebc28.css]
[acrotel/common/css/layoutbc28.css]
[acrotel/common/css/contentbc28.css]
[acrotel/common/css/boardbc28.css]
[acrotel/board/deletecd03.html]
[acrotel/board/board_move.html]
[acrotel/common/css/base2c34.css]
[acrotel/common/js/commonbc28.js]
[acrotel/common/css/layout2c34.css]
[acrotel/common/css/content2c34.css]
[acrotel/common/css/board2c34.css]
[acrotel/register/news5b2d.html]
[acrotel/common/css/basee492.css]
[acrotel/common/js/common2c34.js]
[acrotel/common/css/layoute492.css]
[acrotel/common/css/contente492.css]
[acrotel/common/css/boarde492.css]
[acrotel/board/delete3e0f.html]
[acrotel/common/js/commone492.js]
[acrotel/register/newse194.html]
[acrotel/register/newscd4c.html]
[acrotel/common/css/basef9c9.css]
[acrotel/common/css/layoutf9c9.css]
[acrotel/board/delete6b92.html]
[acrotel/register/news3f27.html]
[acrotel/common/css/contentf9c9.css]
[acrotel/common/css/boardf9c9.css]
[acrotel/common/css/slick/slickf9c9.css]
[acrotel/common/css/basebc28.css]
[acrotel/common/css/layoutbc28.css]
[acrotel/common/css/contentbc28.css]
[acrotel/common/css/boardbc28.css]
[acrotel/common/css/base2c34.css]
[acrotel/common/css/layout2c34.css]
[acrotel/common/css/content2c34.css]
[acrotel/common/css/board2c34.css]
[acrotel/common/css/basee492.css]
[acrotel/common/css/layoute492.css]
[acrotel/common/css/contente492.css]
[acrotel/common/css/boarde492.css]
[acrotel/common/css/base9139.css]
[acrotel/common/css/layout9139.css]
[acrotel/common/css/content9139.css]
[acrotel/common/css/board9139.css]
[acrotel/board/delete3e0f.html]
[acrotel/register/news3f27.html]
[acrotel/board/delete6b92.html]
[acrotel/common/css/base9139.css]
[acrotel/common/css/layout9139.css]
[acrotel/common/js/common9139.js]
[acrotel/common/css/content9139.css]
[acrotel/common/css/board9139.css]
